// Jest Snapshot v1, https://goo.gl/fbAQLP

exports[`Response component makes a snapshot 1`] = `
<div
  id="response"
>
  <h3>
    Response
  </h3>
</div>
`;
